Scan Time:     2018-09-04 18:58:19
Target File:   C:\Users\huaji0353\Desktop\tplinkfw\fw_wr842nv3-cn-up.bin
MD5 Checksum:  f593a9c325b8a4f69d2fd65cf01c7aab
Signatures:    332
DECIMAL       HEXADECIMAL     DESCRIPTION
--------------------------------------------------------------------------------
20            0x14            IMG0 (VxWorks) header, size: 1619088
14276         0x37C4          U-Boot version string, "U-Boot 1.1.4 (Jan 22 2013 - 00:11:56)"
14324         0x37F4          CRC32 polynomial table, big endian
15620         0x3D04          uImage header, header size: 64 bytes, header CRC: 0x2D1435A4, created: 2013-01-22 08:11:57, image size: 42428 bytes, Data Address: 0x80010000, Entry Point: 0x80010000, data CRC: 0x134DDDA4, OS: Linux, CPU: MIPS, image type: Firmware Image, compression type: lzma, image name: "u-boot image"
15684         0x3D44          LZMA compressed data, properties: 0x5D, dictionary size: 8388608 bytes, uncompressed size: 111936 bytes
262292        0x40094         IMG0 (VxWorks) header, size: 1356816
262420        0x40114         LZMA compressed data, properties: 0x6E, dictionary size: 8388608 bytes, uncompressed size: 3915856 bytes
1316756       0x141794        Wind River management filesystem, compressed, 174 files
1325152       0x143860        LZMA compressed data, properties: 0x5A, dictionary size: 8388608 bytes, uncompressed size: 6371 bytes
1326620       0x143E1C        LZMA compressed data, properties: 0x5A, dictionary size: 8388608 bytes, uncompressed size: 2044 bytes
1327128       0x144018        LZMA compressed data, properties: 0x5A, dictionary size: 8388608 bytes, uncompressed size: 1878 bytes
1327628       0x14420C        LZMA compressed data, properties: 0x5A, dictionary size: 8388608 bytes, uncompressed size: 396 bytes
1327888       0x144310        LZMA compressed data, properties: 0x5A, dictionary size: 8388608 bytes, uncompressed size: 2689 bytes
1328708       0x144644        LZMA compressed data, properties: 0x5A, dictionary size: 8388608 bytes, uncompressed size: 8074 bytes
1330968       0x144F18        LZMA compressed data, properties: 0x5A, dictionary size: 8388608 bytes, uncompressed size: 506 bytes
1331312       0x145070        LZMA compressed data, properties: 0x5A, dictionary size: 8388608 bytes, uncompressed size: 1606 bytes
1332064       0x145360        LZMA compressed data, properties: 0x5A, dictionary size: 8388608 bytes, uncompressed size: 1965 bytes
1333072       0x145750        LZMA compressed data, properties: 0x5A, dictionary size: 8388608 bytes, uncompressed size: 4246 bytes
1334644       0x145D74        LZMA compressed data, properties: 0x5A, dictionary size: 8388608 bytes, uncompressed size: 3316 bytes
1335960       0x146298        LZMA compressed data, properties: 0x5A, dictionary size: 8388608 bytes, uncompressed size: 2538 bytes
1337020       0x1466BC        LZMA compressed data, properties: 0x5A, dictionary size: 8388608 bytes, uncompressed size: 3137 bytes
1338248       0x146B88        LZMA compressed data, properties: 0x5A, dictionary size: 8388608 bytes, uncompressed size: 1639 bytes
1338996       0x146E74        LZMA compressed data, properties: 0x5A, dictionary size: 8388608 bytes, uncompressed size: 3228 bytes
1340092       0x1472BC        LZMA compressed data, properties: 0x5A, dictionary size: 8388608 bytes, uncompressed size: 1683 bytes
1340912       0x1475F0        LZMA compressed data, properties: 0x5A, dictionary size: 8388608 bytes, uncompressed size: 2041 bytes
1341812       0x147974        LZMA compressed data, properties: 0x5A, dictionary size: 8388608 bytes, uncompressed size: 617 bytes
1342240       0x147B20        LZMA compressed data, properties: 0x5A, dictionary size: 8388608 bytes, uncompressed size: 1280 bytes
1342868       0x147D94        LZMA compressed data, properties: 0x5A, dictionary size: 8388608 bytes, uncompressed size: 2762 bytes
1343992       0x1481F8        LZMA compressed data, properties: 0x5A, dictionary size: 8388608 bytes, uncompressed size: 1502 bytes
1344616       0x148468        LZMA compressed data, properties: 0x5A, dictionary size: 8388608 bytes, uncompressed size: 710 bytes
1345068       0x14862C        LZMA compressed data, properties: 0x5A, dictionary size: 8388608 bytes, uncompressed size: 2062 bytes
1345980       0x1489BC        LZMA compressed data, properties: 0x5A, dictionary size: 8388608 bytes, uncompressed size: 2455 bytes
1346988       0x148DAC        LZMA compressed data, properties: 0x5A, dictionary size: 8388608 bytes, uncompressed size: 2953 bytes
1348156       0x14923C        LZMA compressed data, properties: 0x5A, dictionary size: 8388608 bytes, uncompressed size: 2369 bytes
1349176       0x149638        LZMA compressed data, properties: 0x5A, dictionary size: 8388608 bytes, uncompressed size: 2628 bytes
1350248       0x149A68        LZMA compressed data, properties: 0x5A, dictionary size: 8388608 bytes, uncompressed size: 1987 bytes
1351044       0x149D84        LZMA compressed data, properties: 0x5A, dictionary size: 8388608 bytes, uncompressed size: 1080 bytes
1351652       0x149FE4        LZMA compressed data, properties: 0x5A, dictionary size: 8388608 bytes, uncompressed size: 1338 bytes
1352260       0x14A244        LZMA compressed data, properties: 0x5A, dictionary size: 8388608 bytes, uncompressed size: 1848 bytes
1353180       0x14A5DC        LZMA compressed data, properties: 0x5A, dictionary size: 8388608 bytes, uncompressed size: 936 bytes
1353780       0x14A834        LZMA compressed data, properties: 0x5A, dictionary size: 8388608 bytes, uncompressed size: 2122 bytes
1354784       0x14AC20        LZMA compressed data, properties: 0x5A, dictionary size: 8388608 bytes, uncompressed size: 3586 bytes
1356112       0x14B150        LZMA compressed data, properties: 0x5A, dictionary size: 8388608 bytes, uncompressed size: 821 bytes
1356612       0x14B344        LZMA compressed data, properties: 0x5A, dictionary size: 8388608 bytes, uncompressed size: 807 bytes
1357076       0x14B514        LZMA compressed data, properties: 0x5A, dictionary size: 8388608 bytes, uncompressed size: 2222 bytes
1358052       0x14B8E4        LZMA compressed data, properties: 0x5A, dictionary size: 8388608 bytes, uncompressed size: 3298 bytes
1359368       0x14BE08        LZMA compressed data, properties: 0x5A, dictionary size: 8388608 bytes, uncompressed size: 1933 bytes
1360236       0x14C16C        LZMA compressed data, properties: 0x5A, dictionary size: 8388608 bytes, uncompressed size: 2847 bytes
1361452       0x14C62C        LZMA compressed data, properties: 0x5A, dictionary size: 8388608 bytes, uncompressed size: 2296 bytes
1362500       0x14CA44        LZMA compressed data, properties: 0x5A, dictionary size: 8388608 bytes, uncompressed size: 2062 bytes
1363412       0x14CDD4        LZMA compressed data, properties: 0x5A, dictionary size: 8388608 bytes, uncompressed size: 5167 bytes
1364860       0x14D37C        LZMA compressed data, properties: 0x5A, dictionary size: 8388608 bytes, uncompressed size: 1431 bytes
1365528       0x14D618        LZMA compressed data, properties: 0x5A, dictionary size: 8388608 bytes, uncompressed size: 4217 bytes
1366996       0x14DBD4        LZMA compressed data, properties: 0x5A, dictionary size: 8388608 bytes, uncompressed size: 562 bytes
1367392       0x14DD60        LZMA compressed data, properties: 0x5A, dictionary size: 8388608 bytes, uncompressed size: 712 bytes
1367816       0x14DF08        LZMA compressed data, properties: 0x5A, dictionary size: 8388608 bytes, uncompressed size: 2993 bytes
1368616       0x14E228        LZMA compressed data, properties: 0x5A, dictionary size: 8388608 bytes, uncompressed size: 1045 bytes
1369208       0x14E478        LZMA compressed data, properties: 0x5A, dictionary size: 8388608 bytes, uncompressed size: 3850 bytes
1370608       0x14E9F0        LZMA compressed data, properties: 0x5A, dictionary size: 8388608 bytes, uncompressed size: 1854 bytes
1371448       0x14ED38        LZMA compressed data, properties: 0x5A, dictionary size: 8388608 bytes, uncompressed size: 1635 bytes
1372268       0x14F06C        LZMA compressed data, properties: 0x5A, dictionary size: 8388608 bytes, uncompressed size: 3234 bytes
1373480       0x14F528        LZMA compressed data, properties: 0x5A, dictionary size: 8388608 bytes, uncompressed size: 4101 bytes
1374884       0x14FAA4        LZMA compressed data, properties: 0x5A, dictionary size: 8388608 bytes, uncompressed size: 1158 bytes
1375544       0x14FD38        LZMA compressed data, properties: 0x5A, dictionary size: 8388608 bytes, uncompressed size: 2824 bytes
1376624       0x150170        LZMA compressed data, properties: 0x5A, dictionary size: 8388608 bytes, uncompressed size: 1125 bytes
1377308       0x15041C        LZMA compressed data, properties: 0x5A, dictionary size: 8388608 bytes, uncompressed size: 3219 bytes
1378512       0x1508D0        LZMA compressed data, properties: 0x5A, dictionary size: 8388608 bytes, uncompressed size: 1938 bytes
1379496       0x150CA8        LZMA compressed data, properties: 0x5A, dictionary size: 8388608 bytes, uncompressed size: 3789 bytes
1380756       0x151194        LZMA compressed data, properties: 0x5A, dictionary size: 8388608 bytes, uncompressed size: 717 bytes
1381172       0x151334        LZMA compressed data, properties: 0x5A, dictionary size: 8388608 bytes, uncompressed size: 1980 bytes
1382024       0x151688        LZMA compressed data, properties: 0x5A, dictionary size: 8388608 bytes, uncompressed size: 2859 bytes
1383120       0x151AD0        LZMA compressed data, properties: 0x5A, dictionary size: 8388608 bytes, uncompressed size: 59 bytes
1383192       0x151B18        LZMA compressed data, properties: 0x5A, dictionary size: 8388608 bytes, uncompressed size: 790 bytes
1383784       0x151D68        LZMA compressed data, properties: 0x5A, dictionary size: 8388608 bytes, uncompressed size: 16020 bytes
1399860       0x155C34        LZMA compressed data, properties: 0x5A, dictionary size: 8388608 bytes, uncompressed size: 989 bytes
1400720       0x155F90        LZMA compressed data, properties: 0x5A, dictionary size: 8388608 bytes, uncompressed size: 4973 bytes
1405544       0x157268        LZMA compressed data, properties: 0x5A, dictionary size: 8388608 bytes, uncompressed size: 43 bytes
1405600       0x1572A0        LZMA compressed data, properties: 0x5A, dictionary size: 8388608 bytes, uncompressed size: 2885 bytes
1408224       0x157CE0        LZMA compressed data, properties: 0x5A, dictionary size: 8388608 bytes, uncompressed size: 59 bytes
1408296       0x157D28        LZMA compressed data, properties: 0x5A, dictionary size: 8388608 bytes, uncompressed size: 475 bytes
1408800       0x157F20        LZMA compressed data, properties: 0x5A, dictionary size: 8388608 bytes, uncompressed size: 63 bytes
1408876       0x157F6C        LZMA compressed data, properties: 0x5A, dictionary size: 8388608 bytes, uncompressed size: 4625 bytes
1413392       0x159110        LZMA compressed data, properties: 0x5A, dictionary size: 8388608 bytes, uncompressed size: 5024 bytes
1418304       0x15A440        LZMA compressed data, properties: 0x5A, dictionary size: 8388608 bytes, uncompressed size: 60 bytes
1418376       0x15A488        LZMA compressed data, properties: 0x5A, dictionary size: 8388608 bytes, uncompressed size: 23552 bytes
1427640       0x15C8B8        LZMA compressed data, properties: 0x5A, dictionary size: 8388608 bytes, uncompressed size: 531 bytes
1428204       0x15CAEC        LZMA compressed data, properties: 0x5A, dictionary size: 8388608 bytes, uncompressed size: 317 bytes
1428536       0x15CC38        LZMA compressed data, properties: 0x5A, dictionary size: 8388608 bytes, uncompressed size: 28462 bytes
1434448       0x15E350        LZMA compressed data, properties: 0x5A, dictionary size: 8388608 bytes, uncompressed size: 3848 bytes
1435820       0x15E8AC        LZMA compressed data, properties: 0x5A, dictionary size: 8388608 bytes, uncompressed size: 30586 bytes
1440444       0x15FABC        LZMA compressed data, properties: 0x5A, dictionary size: 8388608 bytes, uncompressed size: 6047 bytes
1442260       0x1601D4        LZMA compressed data, properties: 0x5A, dictionary size: 8388608 bytes, uncompressed size: 10746 bytes
1445168       0x160D30        LZMA compressed data, properties: 0x5A, dictionary size: 8388608 bytes, uncompressed size: 12909 bytes
1447800       0x161778        LZMA compressed data, properties: 0x5A, dictionary size: 8388608 bytes, uncompressed size: 5526 bytes
1449564       0x161E5C        LZMA compressed data, properties: 0x5A, dictionary size: 8388608 bytes, uncompressed size: 6431 bytes
1451392       0x162580        LZMA compressed data, properties: 0x5A, dictionary size: 8388608 bytes, uncompressed size: 5716 bytes
1453228       0x162CAC        LZMA compressed data, properties: 0x5A, dictionary size: 8388608 bytes, uncompressed size: 8714 bytes
1455284       0x1634B4        LZMA compressed data, properties: 0x5A, dictionary size: 8388608 bytes, uncompressed size: 6215 bytes
1457216       0x163C40        LZMA compressed data, properties: 0x5A, dictionary size: 8388608 bytes, uncompressed size: 7115 bytes
1459268       0x164444        LZMA compressed data, properties: 0x5A, dictionary size: 8388608 bytes, uncompressed size: 2215 bytes
1460168       0x1647C8        LZMA compressed data, properties: 0x5A, dictionary size: 8388608 bytes, uncompressed size: 1489 bytes
1461068       0x164B4C        LZMA compressed data, properties: 0x5A, dictionary size: 8388608 bytes, uncompressed size: 9519 bytes
1463604       0x165534        LZMA compressed data, properties: 0x5A, dictionary size: 8388608 bytes, uncompressed size: 2523 bytes
1464660       0x165954        LZMA compressed data, properties: 0x5A, dictionary size: 8388608 bytes, uncompressed size: 3861 bytes
1466020       0x165EA4        LZMA compressed data, properties: 0x5A, dictionary size: 8388608 bytes, uncompressed size: 1408 bytes
1466736       0x166170        LZMA compressed data, properties: 0x5A, dictionary size: 8388608 bytes, uncompressed size: 9304 bytes
1469416       0x166BE8        LZMA compressed data, properties: 0x5A, dictionary size: 8388608 bytes, uncompressed size: 8481 bytes
1471628       0x16748C        LZMA compressed data, properties: 0x5A, dictionary size: 8388608 bytes, uncompressed size: 3150 bytes
1472672       0x1678A0        LZMA compressed data, properties: 0x5A, dictionary size: 8388608 bytes, uncompressed size: 4030 bytes
1474148       0x167E64        LZMA compressed data, properties: 0x5A, dictionary size: 8388608 bytes, uncompressed size: 5155 bytes
1475820       0x1684EC        LZMA compressed data, properties: 0x5A, dictionary size: 8388608 bytes, uncompressed size: 1586 bytes
1476576       0x1687E0        LZMA compressed data, properties: 0x5A, dictionary size: 8388608 bytes, uncompressed size: 4067 bytes
1477740       0x168C6C        LZMA compressed data, properties: 0x5A, dictionary size: 8388608 bytes, uncompressed size: 4027 bytes
1479148       0x1691EC        LZMA compressed data, properties: 0x5A, dictionary size: 8388608 bytes, uncompressed size: 4044 bytes
1480540       0x16975C        LZMA compressed data, properties: 0x5A, dictionary size: 8388608 bytes, uncompressed size: 5276 bytes
1482336       0x169E60        LZMA compressed data, properties: 0x5A, dictionary size: 8388608 bytes, uncompressed size: 1720 bytes
1483112       0x16A168        LZMA compressed data, properties: 0x5A, dictionary size: 8388608 bytes, uncompressed size: 13590 bytes
1486604       0x16AF0C        LZMA compressed data, properties: 0x5A, dictionary size: 8388608 bytes, uncompressed size: 5069 bytes
1488228       0x16B564        LZMA compressed data, properties: 0x5A, dictionary size: 8388608 bytes, uncompressed size: 7435 bytes
1490520       0x16BE58        LZMA compressed data, properties: 0x5A, dictionary size: 8388608 bytes, uncompressed size: 3525 bytes
1491764       0x16C334        LZMA compressed data, properties: 0x5A, dictionary size: 8388608 bytes, uncompressed size: 6251 bytes
1493768       0x16CB08        LZMA compressed data, properties: 0x5A, dictionary size: 8388608 bytes, uncompressed size: 5116 bytes
1495296       0x16D100        LZMA compressed data, properties: 0x5A, dictionary size: 8388608 bytes, uncompressed size: 3696 bytes
1496556       0x16D5EC        LZMA compressed data, properties: 0x5A, dictionary size: 8388608 bytes, uncompressed size: 5109 bytes
1498248       0x16DC88        LZMA compressed data, properties: 0x5A, dictionary size: 8388608 bytes, uncompressed size: 6484 bytes
1500120       0x16E3D8        LZMA compressed data, properties: 0x5A, dictionary size: 8388608 bytes, uncompressed size: 4392 bytes
1501676       0x16E9EC        LZMA compressed data, properties: 0x5A, dictionary size: 8388608 bytes, uncompressed size: 3122 bytes
1502916       0x16EEC4        LZMA compressed data, properties: 0x5A, dictionary size: 8388608 bytes, uncompressed size: 4958 bytes
1504584       0x16F548        LZMA compressed data, properties: 0x5A, dictionary size: 8388608 bytes, uncompressed size: 2076 bytes
1505584       0x16F930        LZMA compressed data, properties: 0x5A, dictionary size: 8388608 bytes, uncompressed size: 2603 bytes
1506664       0x16FD68        LZMA compressed data, properties: 0x5A, dictionary size: 8388608 bytes, uncompressed size: 3897 bytes
1508012       0x1702AC        LZMA compressed data, properties: 0x5A, dictionary size: 8388608 bytes, uncompressed size: 9825 bytes
1510244       0x170B64        LZMA compressed data, properties: 0x5A, dictionary size: 8388608 bytes, uncompressed size: 7769 bytes
1512648       0x1714C8        LZMA compressed data, properties: 0x5A, dictionary size: 8388608 bytes, uncompressed size: 5430 bytes
1514676       0x171CB4        LZMA compressed data, properties: 0x5A, dictionary size: 8388608 bytes, uncompressed size: 7301 bytes
1516232       0x1722C8        LZMA compressed data, properties: 0x5A, dictionary size: 8388608 bytes, uncompressed size: 6710 bytes
1518056       0x1729E8        LZMA compressed data, properties: 0x5A, dictionary size: 8388608 bytes, uncompressed size: 6774 bytes
1519988       0x173174        LZMA compressed data, properties: 0x5A, dictionary size: 8388608 bytes, uncompressed size: 20774 bytes
1524168       0x1741C8        LZMA compressed data, properties: 0x5A, dictionary size: 8388608 bytes, uncompressed size: 13826 bytes
1527684       0x174F84        LZMA compressed data, properties: 0x5A, dictionary size: 8388608 bytes, uncompressed size: 19578 bytes
1531004       0x175C7C        LZMA compressed data, properties: 0x5A, dictionary size: 8388608 bytes, uncompressed size: 4840 bytes
1532840       0x1763A8        LZMA compressed data, properties: 0x5A, dictionary size: 8388608 bytes, uncompressed size: 1739 bytes
1533632       0x1766C0        LZMA compressed data, properties: 0x5A, dictionary size: 8388608 bytes, uncompressed size: 3366 bytes
1534932       0x176BD4        LZMA compressed data, properties: 0x5A, dictionary size: 8388608 bytes, uncompressed size: 6403 bytes
1537020       0x1773FC        LZMA compressed data, properties: 0x5A, dictionary size: 8388608 bytes, uncompressed size: 5248 bytes
1538736       0x177AB0        LZMA compressed data, properties: 0x5A, dictionary size: 8388608 bytes, uncompressed size: 3623 bytes
1539920       0x177F50        LZMA compressed data, properties: 0x5A, dictionary size: 8388608 bytes, uncompressed size: 4853 bytes
1541480       0x178568        LZMA compressed data, properties: 0x5A, dictionary size: 8388608 bytes, uncompressed size: 19071 bytes
1545576       0x179568        LZMA compressed data, properties: 0x5A, dictionary size: 8388608 bytes, uncompressed size: 1720 bytes
1546312       0x179848        LZMA compressed data, properties: 0x5A, dictionary size: 8388608 bytes, uncompressed size: 2876 bytes
1547284       0x179C14        LZMA compressed data, properties: 0x5A, dictionary size: 8388608 bytes, uncompressed size: 8000 bytes
1549668       0x17A564        LZMA compressed data, properties: 0x5A, dictionary size: 8388608 bytes, uncompressed size: 3882 bytes
1550968       0x17AA78        LZMA compressed data, properties: 0x5A, dictionary size: 8388608 bytes, uncompressed size: 5762 bytes
1552904       0x17B208        LZMA compressed data, properties: 0x5A, dictionary size: 8388608 bytes, uncompressed size: 5191 bytes
1554608       0x17B8B0        LZMA compressed data, properties: 0x5A, dictionary size: 8388608 bytes, uncompressed size: 7029 bytes
1556840       0x17C168        LZMA compressed data, properties: 0x5A, dictionary size: 8388608 bytes, uncompressed size: 11867 bytes
1560192       0x17CE80        LZMA compressed data, properties: 0x5A, dictionary size: 8388608 bytes, uncompressed size: 6724 bytes
1562292       0x17D6B4        LZMA compressed data, properties: 0x5A, dictionary size: 8388608 bytes, uncompressed size: 5427 bytes
1563768       0x17DC78        LZMA compressed data, properties: 0x5A, dictionary size: 8388608 bytes, uncompressed size: 7363 bytes
1565972       0x17E514        LZMA compressed data, properties: 0x5A, dictionary size: 8388608 bytes, uncompressed size: 9176 bytes
1568660       0x17EF94        LZMA compressed data, properties: 0x5A, dictionary size: 8388608 bytes, uncompressed size: 5961 bytes
1570488       0x17F6B8        LZMA compressed data, properties: 0x5A, dictionary size: 8388608 bytes, uncompressed size: 8091 bytes
1572736       0x17FF80        LZMA compressed data, properties: 0x5A, dictionary size: 8388608 bytes, uncompressed size: 3715 bytes
1574040       0x180498        LZMA compressed data, properties: 0x5A, dictionary size: 8388608 bytes, uncompressed size: 7308 bytes
1576284       0x180D5C        LZMA compressed data, properties: 0x5A, dictionary size: 8388608 bytes, uncompressed size: 23880 bytes
1582368       0x182520        LZMA compressed data, properties: 0x5A, dictionary size: 8388608 bytes, uncompressed size: 1018 bytes
1583028       0x1827B4        LZMA compressed data, properties: 0x5A, dictionary size: 8388608 bytes, uncompressed size: 27486 bytes
1588476       0x183CFC        LZMA compressed data, properties: 0x5A, dictionary size: 8388608 bytes, uncompressed size: 3835 bytes
1589856       0x184260        LZMA compressed data, properties: 0x5A, dictionary size: 8388608 bytes, uncompressed size: 4522 bytes
1591480       0x1848B8        LZMA compressed data, properties: 0x5A, dictionary size: 8388608 bytes, uncompressed size: 4465 bytes
1593084       0x184EFC        LZMA compressed data, properties: 0x5A, dictionary size: 8388608 bytes, uncompressed size: 5932 bytes
1594796       0x1855AC        LZMA compressed data, properties: 0x5A, dictionary size: 8388608 bytes, uncompressed size: 6417 bytes
1596748       0x185D4C        LZMA compressed data, properties: 0x5A, dictionary size: 8388608 bytes, uncompressed size: 8367 bytes
1598780       0x18653C        LZMA compressed data, properties: 0x5A, dictionary size: 8388608 bytes, uncompressed size: 12625 bytes
1601448       0x186FA8        LZMA compressed data, properties: 0x5A, dictionary size: 8388608 bytes, uncompressed size: 3306 bytes
1602816       0x187500        LZMA compressed data, properties: 0x5A, dictionary size: 8388608 bytes, uncompressed size: 3012 bytes
1603964       0x18797C        LZMA compressed data, properties: 0x5A, dictionary size: 8388608 bytes, uncompressed size: 2456 bytes
1604972       0x187D6C        LZMA compressed data, properties: 0x5A, dictionary size: 8388608 bytes, uncompressed size: 3894 bytes
1606156       0x18820C        LZMA compressed data, properties: 0x5A, dictionary size: 8388608 bytes, uncompressed size: 1659 bytes
1606892       0x1884EC        LZMA compressed data, properties: 0x5A, dictionary size: 8388608 bytes, uncompressed size: 2077 bytes
1607780       0x188864        LZMA compressed data, properties: 0x5A, dictionary size: 8388608 bytes, uncompressed size: 2645 bytes
1608836       0x188C84        LZMA compressed data, properties: 0x5A, dictionary size: 8388608 bytes, uncompressed size: 16788 bytes

