
Scan Time:     2018-09-05 20:47:18
Target File:   C:\Users\huaji0353\Desktop\wr842n_v3_cn\vxWorks.img
MD5 Checksum:  51a3ed84f800e32e8e5e5b39d6d697f3
Signatures:    386
DECIMAL       HEXADECIMAL     DESCRIPTION
--------------------------------------------------------------------------------
0             0x0             IMG0 (VxWorks) header, size: 1619088
619           0x26B           LZMA compressed data, properties: 0xD8, dictionary size: 0 bytes, uncompressed size: 3590389776 bytes
651           0x28B           LZMA compressed data, properties: 0xD0, dictionary size: 0 bytes, uncompressed size: 3456172048 bytes
683           0x2AB           LZMA compressed data, properties: 0xC8, dictionary size: 0 bytes, uncompressed size: 3321954320 bytes
691           0x2B3           LZMA compressed data, properties: 0xC6, dictionary size: 0 bytes, uncompressed size: 3288399888 bytes
715           0x2CB           LZMA compressed data, properties: 0xC0, dictionary size: 0 bytes, uncompressed size: 3187736592 bytes
723           0x2D3           LZMA compressed data, properties: 0xBE, dictionary size: 0 bytes, uncompressed size: 3154182160 bytes
747           0x2EB           LZMA compressed data, properties: 0xB8, dictionary size: 0 bytes, uncompressed size: 3053518864 bytes
755           0x2F3           LZMA compressed data, properties: 0xB6, dictionary size: 0 bytes, uncompressed size: 3019964432 bytes
835           0x343           LZMA compressed data, properties: 0xA2, dictionary size: 0 bytes, uncompressed size: 2684420112 bytes
867           0x363           LZMA compressed data, properties: 0x9A, dictionary size: 0 bytes, uncompressed size: 2550202384 bytes
907           0x38B           LZMA compressed data, properties: 0x90, dictionary size: 0 bytes, uncompressed size: 2382430224 bytes
931           0x3A3           LZMA compressed data, properties: 0x8A, dictionary size: 0 bytes, uncompressed size: 2281766928 bytes
939           0x3AB           LZMA compressed data, properties: 0x88, dictionary size: 0 bytes, uncompressed size: 2248212496 bytes
979           0x3D3           LZMA compressed data, properties: 0x7E, dictionary size: 0 bytes, uncompressed size: 2080440336 bytes
1011          0x3F3           LZMA compressed data, properties: 0x76, dictionary size: 0 bytes, uncompressed size: 1946222608 bytes
1043          0x413           LZMA compressed data, properties: 0x6E, dictionary size: 0 bytes, uncompressed size: 1812004880 bytes
1051          0x41B           LZMA compressed data, properties: 0x6C, dictionary size: 0 bytes, uncompressed size: 1778450448 bytes
1075          0x433           LZMA compressed data, properties: 0x66, dictionary size: 0 bytes, uncompressed size: 1677787152 bytes
1083          0x43B           LZMA compressed data, properties: 0x64, dictionary size: 0 bytes, uncompressed size: 1644232720 bytes
1107          0x453           LZMA compressed data, properties: 0x5E, dictionary size: 0 bytes, uncompressed size: 1543569424 bytes
1115          0x45B           LZMA compressed data, properties: 0x5C, dictionary size: 0 bytes, uncompressed size: 1510014992 bytes
1123          0x463           LZMA compressed data, properties: 0x5A, dictionary size: 0 bytes, uncompressed size: 1476460560 bytes
4193          0x1061          LZMA compressed data, properties: 0x65, dictionary size: -536674304 bytes, uncompressed size: 2048 bytes
11633         0x2D71          LZMA compressed data, properties: 0x88, dictionary size: 0 bytes, uncompressed size: 2495348736 bytes
14256         0x37B0          U-Boot version string, "U-Boot 1.1.4 (Jan 22 2013 - 00:11:56)"
14304         0x37E0          CRC32 polynomial table, big endian
15600         0x3CF0          uImage header, header size: 64 bytes, header CRC: 0x2D1435A4, created: 2013-01-22 08:11:57, image size: 42428 bytes, Data Address: 0x80010000, Entry Point: 0x80010000, data CRC: 0x134DDDA4, OS: Linux, CPU: MIPS, image type: Firmware Image, compression type: lzma, image name: "u-boot image"
15664         0x3D30          LZMA compressed data, properties: 0x5D, dictionary size: 8388608 bytes, uncompressed size: 111936 bytes
262272        0x40080         IMG0 (VxWorks) header, size: 1356816
262400        0x40100         LZMA compressed data, properties: 0x6E, dictionary size: 8388608 bytes, uncompressed size: 3915856 bytes
1316736       0x141780        Wind River management filesystem, compressed, 174 files
1325132       0x14384C        LZMA compressed data, properties: 0x5A, dictionary size: 8388608 bytes, uncompressed size: 6371 bytes
1326600       0x143E08        LZMA compressed data, properties: 0x5A, dictionary size: 8388608 bytes, uncompressed size: 2044 bytes
1327108       0x144004        LZMA compressed data, properties: 0x5A, dictionary size: 8388608 bytes, uncompressed size: 1878 bytes
1327608       0x1441F8        LZMA compressed data, properties: 0x5A, dictionary size: 8388608 bytes, uncompressed size: 396 bytes
1327868       0x1442FC        LZMA compressed data, properties: 0x5A, dictionary size: 8388608 bytes, uncompressed size: 2689 bytes
1328688       0x144630        LZMA compressed data, properties: 0x5A, dictionary size: 8388608 bytes, uncompressed size: 8074 bytes
1330948       0x144F04        LZMA compressed data, properties: 0x5A, dictionary size: 8388608 bytes, uncompressed size: 506 bytes
1331292       0x14505C        LZMA compressed data, properties: 0x5A, dictionary size: 8388608 bytes, uncompressed size: 1606 bytes
1332044       0x14534C        LZMA compressed data, properties: 0x5A, dictionary size: 8388608 bytes, uncompressed size: 1965 bytes
1333052       0x14573C        LZMA compressed data, properties: 0x5A, dictionary size: 8388608 bytes, uncompressed size: 4246 bytes
1334621       0x145D5D        LZMA compressed data, properties: 0x88, dictionary size: 5898240 bytes, uncompressed size: 55633281024 bytes
1334624       0x145D60        LZMA compressed data, properties: 0x5A, dictionary size: 8388608 bytes, uncompressed size: 3316 bytes
1335940       0x146284        LZMA compressed data, properties: 0x5A, dictionary size: 8388608 bytes, uncompressed size: 2538 bytes
1337000       0x1466A8        LZMA compressed data, properties: 0x5A, dictionary size: 8388608 bytes, uncompressed size: 3137 bytes
1338228       0x146B74        LZMA compressed data, properties: 0x5A, dictionary size: 8388608 bytes, uncompressed size: 1639 bytes
1338976       0x146E60        LZMA compressed data, properties: 0x5A, dictionary size: 8388608 bytes, uncompressed size: 3228 bytes
1340072       0x1472A8        LZMA compressed data, properties: 0x5A, dictionary size: 8388608 bytes, uncompressed size: 1683 bytes
1340892       0x1475DC        LZMA compressed data, properties: 0x5A, dictionary size: 8388608 bytes, uncompressed size: 2041 bytes
1341792       0x147960        LZMA compressed data, properties: 0x5A, dictionary size: 8388608 bytes, uncompressed size: 617 bytes
1342217       0x147B09        LZMA compressed data, properties: 0xD0, dictionary size: 5898240 bytes, uncompressed size: 21474869248 bytes
1342220       0x147B0C        LZMA compressed data, properties: 0x5A, dictionary size: 8388608 bytes, uncompressed size: 1280 bytes
1342848       0x147D80        LZMA compressed data, properties: 0x5A, dictionary size: 8388608 bytes, uncompressed size: 2762 bytes
1343972       0x1481E4        LZMA compressed data, properties: 0x5A, dictionary size: 8388608 bytes, uncompressed size: 1502 bytes
1344596       0x148454        LZMA compressed data, properties: 0x5A, dictionary size: 8388608 bytes, uncompressed size: 710 bytes
1345048       0x148618        LZMA compressed data, properties: 0x5A, dictionary size: 8388608 bytes, uncompressed size: 2062 bytes
1345960       0x1489A8        LZMA compressed data, properties: 0x5A, dictionary size: 8388608 bytes, uncompressed size: 2455 bytes
1346968       0x148D98        LZMA compressed data, properties: 0x5A, dictionary size: 8388608 bytes, uncompressed size: 2953 bytes
1348136       0x149228        LZMA compressed data, properties: 0x5A, dictionary size: 8388608 bytes, uncompressed size: 2369 bytes
1349156       0x149624        LZMA compressed data, properties: 0x5A, dictionary size: 8388608 bytes, uncompressed size: 2628 bytes
1350228       0x149A54        LZMA compressed data, properties: 0x5A, dictionary size: 8388608 bytes, uncompressed size: 1987 bytes
1351024       0x149D70        LZMA compressed data, properties: 0x5A, dictionary size: 8388608 bytes, uncompressed size: 1080 bytes
1351632       0x149FD0        LZMA compressed data, properties: 0x5A, dictionary size: 8388608 bytes, uncompressed size: 1338 bytes
1352240       0x14A230        LZMA compressed data, properties: 0x5A, dictionary size: 8388608 bytes, uncompressed size: 1848 bytes
1353160       0x14A5C8        LZMA compressed data, properties: 0x5A, dictionary size: 8388608 bytes, uncompressed size: 936 bytes
1353760       0x14A820        LZMA compressed data, properties: 0x5A, dictionary size: 8388608 bytes, uncompressed size: 2122 bytes
1354764       0x14AC0C        LZMA compressed data, properties: 0x5A, dictionary size: 8388608 bytes, uncompressed size: 3586 bytes
1356092       0x14B13C        LZMA compressed data, properties: 0x5A, dictionary size: 8388608 bytes, uncompressed size: 821 bytes
1356592       0x14B330        LZMA compressed data, properties: 0x5A, dictionary size: 8388608 bytes, uncompressed size: 807 bytes
1357056       0x14B500        LZMA compressed data, properties: 0x5A, dictionary size: 8388608 bytes, uncompressed size: 2222 bytes
1358032       0x14B8D0        LZMA compressed data, properties: 0x5A, dictionary size: 8388608 bytes, uncompressed size: 3298 bytes
1359348       0x14BDF4        LZMA compressed data, properties: 0x5A, dictionary size: 8388608 bytes, uncompressed size: 1933 bytes
1360216       0x14C158        LZMA compressed data, properties: 0x5A, dictionary size: 8388608 bytes, uncompressed size: 2847 bytes
1361432       0x14C618        LZMA compressed data, properties: 0x5A, dictionary size: 8388608 bytes, uncompressed size: 2296 bytes
1362480       0x14CA30        LZMA compressed data, properties: 0x5A, dictionary size: 8388608 bytes, uncompressed size: 2062 bytes
1363392       0x14CDC0        LZMA compressed data, properties: 0x5A, dictionary size: 8388608 bytes, uncompressed size: 5167 bytes
1364840       0x14D368        LZMA compressed data, properties: 0x5A, dictionary size: 8388608 bytes, uncompressed size: 1431 bytes
1365508       0x14D604        LZMA compressed data, properties: 0x5A, dictionary size: 8388608 bytes, uncompressed size: 4217 bytes
1366976       0x14DBC0        LZMA compressed data, properties: 0x5A, dictionary size: 8388608 bytes, uncompressed size: 562 bytes
1367372       0x14DD4C        LZMA compressed data, properties: 0x5A, dictionary size: 8388608 bytes, uncompressed size: 712 bytes
1367796       0x14DEF4        LZMA compressed data, properties: 0x5A, dictionary size: 8388608 bytes, uncompressed size: 2993 bytes
1368596       0x14E214        LZMA compressed data, properties: 0x5A, dictionary size: 8388608 bytes, uncompressed size: 1045 bytes
1369188       0x14E464        LZMA compressed data, properties: 0x5A, dictionary size: 8388608 bytes, uncompressed size: 3850 bytes
1370588       0x14E9DC        LZMA compressed data, properties: 0x5A, dictionary size: 8388608 bytes, uncompressed size: 1854 bytes
1371428       0x14ED24        LZMA compressed data, properties: 0x5A, dictionary size: 8388608 bytes, uncompressed size: 1635 bytes
1372248       0x14F058        LZMA compressed data, properties: 0x5A, dictionary size: 8388608 bytes, uncompressed size: 3234 bytes
1373460       0x14F514        LZMA compressed data, properties: 0x5A, dictionary size: 8388608 bytes, uncompressed size: 4101 bytes
1374864       0x14FA90        LZMA compressed data, properties: 0x5A, dictionary size: 8388608 bytes, uncompressed size: 1158 bytes
1375524       0x14FD24        LZMA compressed data, properties: 0x5A, dictionary size: 8388608 bytes, uncompressed size: 2824 bytes
1376604       0x15015C        LZMA compressed data, properties: 0x5A, dictionary size: 8388608 bytes, uncompressed size: 1125 bytes
1377288       0x150408        LZMA compressed data, properties: 0x5A, dictionary size: 8388608 bytes, uncompressed size: 3219 bytes
1378492       0x1508BC        LZMA compressed data, properties: 0x5A, dictionary size: 8388608 bytes, uncompressed size: 1938 bytes
1379476       0x150C94        LZMA compressed data, properties: 0x5A, dictionary size: 8388608 bytes, uncompressed size: 3789 bytes
1380736       0x151180        LZMA compressed data, properties: 0x5A, dictionary size: 8388608 bytes, uncompressed size: 717 bytes
1381149       0x15131D        LZMA compressed data, properties: 0xD0, dictionary size: 5898240 bytes, uncompressed size: 33218920448 bytes
1381152       0x151320        LZMA compressed data, properties: 0x5A, dictionary size: 8388608 bytes, uncompressed size: 1980 bytes
1382004       0x151674        LZMA compressed data, properties: 0x5A, dictionary size: 8388608 bytes, uncompressed size: 2859 bytes
1383096       0x151AB8        LZMA compressed data, properties: 0xC0, dictionary size: 1509949440 bytes, uncompressed size: 253411459072 bytes
1383100       0x151ABC        LZMA compressed data, properties: 0x5A, dictionary size: 8388608 bytes, uncompressed size: 59 bytes
1383172       0x151B04        LZMA compressed data, properties: 0x5A, dictionary size: 8388608 bytes, uncompressed size: 790 bytes
1383764       0x151D54        LZMA compressed data, properties: 0x5A, dictionary size: 8388608 bytes, uncompressed size: 16020 bytes
1399840       0x155C20        LZMA compressed data, properties: 0x5A, dictionary size: 8388608 bytes, uncompressed size: 989 bytes
1400700       0x155F7C        LZMA compressed data, properties: 0x5A, dictionary size: 8388608 bytes, uncompressed size: 4973 bytes
1405524       0x157254        LZMA compressed data, properties: 0x5A, dictionary size: 8388608 bytes, uncompressed size: 43 bytes
1405580       0x15728C        LZMA compressed data, properties: 0x5A, dictionary size: 8388608 bytes, uncompressed size: 2885 bytes
1408204       0x157CCC        LZMA compressed data, properties: 0x5A, dictionary size: 8388608 bytes, uncompressed size: 59 bytes
1408276       0x157D14        LZMA compressed data, properties: 0x5A, dictionary size: 8388608 bytes, uncompressed size: 475 bytes
1408780       0x157F0C        LZMA compressed data, properties: 0x5A, dictionary size: 8388608 bytes, uncompressed size: 63 bytes
1408856       0x157F58        LZMA compressed data, properties: 0x5A, dictionary size: 8388608 bytes, uncompressed size: 4625 bytes
1413372       0x1590FC        LZMA compressed data, properties: 0x5A, dictionary size: 8388608 bytes, uncompressed size: 5024 bytes
1418284       0x15A42C        LZMA compressed data, properties: 0x5A, dictionary size: 8388608 bytes, uncompressed size: 60 bytes
1418356       0x15A474        LZMA compressed data, properties: 0x5A, dictionary size: 8388608 bytes, uncompressed size: 23552 bytes
1427620       0x15C8A4        LZMA compressed data, properties: 0x5A, dictionary size: 8388608 bytes, uncompressed size: 531 bytes
1428184       0x15CAD8        LZMA compressed data, properties: 0x5A, dictionary size: 8388608 bytes, uncompressed size: 317 bytes
1428516       0x15CC24        LZMA compressed data, properties: 0x5A, dictionary size: 8388608 bytes, uncompressed size: 28462 bytes
1434428       0x15E33C        LZMA compressed data, properties: 0x5A, dictionary size: 8388608 bytes, uncompressed size: 3848 bytes
1435800       0x15E898        LZMA compressed data, properties: 0x5A, dictionary size: 8388608 bytes, uncompressed size: 30586 bytes
1440424       0x15FAA8        LZMA compressed data, properties: 0x5A, dictionary size: 8388608 bytes, uncompressed size: 6047 bytes
1442240       0x1601C0        LZMA compressed data, properties: 0x5A, dictionary size: 8388608 bytes, uncompressed size: 10746 bytes
1445148       0x160D1C        LZMA compressed data, properties: 0x5A, dictionary size: 8388608 bytes, uncompressed size: 12909 bytes
1447780       0x161764        LZMA compressed data, properties: 0x5A, dictionary size: 8388608 bytes, uncompressed size: 5526 bytes
1449544       0x161E48        LZMA compressed data, properties: 0x5A, dictionary size: 8388608 bytes, uncompressed size: 6431 bytes
1451372       0x16256C        LZMA compressed data, properties: 0x5A, dictionary size: 8388608 bytes, uncompressed size: 5716 bytes
1453208       0x162C98        LZMA compressed data, properties: 0x5A, dictionary size: 8388608 bytes, uncompressed size: 8714 bytes
1455264       0x1634A0        LZMA compressed data, properties: 0x5A, dictionary size: 8388608 bytes, uncompressed size: 6215 bytes
1457196       0x163C2C        LZMA compressed data, properties: 0x5A, dictionary size: 8388608 bytes, uncompressed size: 7115 bytes
1459248       0x164430        LZMA compressed data, properties: 0x5A, dictionary size: 8388608 bytes, uncompressed size: 2215 bytes
1460148       0x1647B4        LZMA compressed data, properties: 0x5A, dictionary size: 8388608 bytes, uncompressed size: 1489 bytes
1461048       0x164B38        LZMA compressed data, properties: 0x5A, dictionary size: 8388608 bytes, uncompressed size: 9519 bytes
1463581       0x16551D        LZMA compressed data, properties: 0x89, dictionary size: 5898240 bytes, uncompressed size: 42328948736 bytes
1463584       0x165520        LZMA compressed data, properties: 0x5A, dictionary size: 8388608 bytes, uncompressed size: 2523 bytes
1464640       0x165940        LZMA compressed data, properties: 0x5A, dictionary size: 8388608 bytes, uncompressed size: 3861 bytes
1466000       0x165E90        LZMA compressed data, properties: 0x5A, dictionary size: 8388608 bytes, uncompressed size: 1408 bytes
1466716       0x16615C        LZMA compressed data, properties: 0x5A, dictionary size: 8388608 bytes, uncompressed size: 9304 bytes
1469396       0x166BD4        LZMA compressed data, properties: 0x5A, dictionary size: 8388608 bytes, uncompressed size: 8481 bytes
1471608       0x167478        LZMA compressed data, properties: 0x5A, dictionary size: 8388608 bytes, uncompressed size: 3150 bytes
1472652       0x16788C        LZMA compressed data, properties: 0x5A, dictionary size: 8388608 bytes, uncompressed size: 4030 bytes
1474128       0x167E50        LZMA compressed data, properties: 0x5A, dictionary size: 8388608 bytes, uncompressed size: 5155 bytes
1475797       0x1684D5        LZMA compressed data, properties: 0x5C, dictionary size: 5898240 bytes, uncompressed size: 26608697344 bytes
1475800       0x1684D8        LZMA compressed data, properties: 0x5A, dictionary size: 8388608 bytes, uncompressed size: 1586 bytes
1476556       0x1687CC        LZMA compressed data, properties: 0x5A, dictionary size: 8388608 bytes, uncompressed size: 4067 bytes
1477720       0x168C58        LZMA compressed data, properties: 0x5A, dictionary size: 8388608 bytes, uncompressed size: 4027 bytes
1479128       0x1691D8        LZMA compressed data, properties: 0x5A, dictionary size: 8388608 bytes, uncompressed size: 4044 bytes
1480520       0x169748        LZMA compressed data, properties: 0x5A, dictionary size: 8388608 bytes, uncompressed size: 5276 bytes
1482316       0x169E4C        LZMA compressed data, properties: 0x5A, dictionary size: 8388608 bytes, uncompressed size: 1720 bytes
1483092       0x16A154        LZMA compressed data, properties: 0x5A, dictionary size: 8388608 bytes, uncompressed size: 13590 bytes
1486584       0x16AEF8        LZMA compressed data, properties: 0x5A, dictionary size: 8388608 bytes, uncompressed size: 5069 bytes
1488208       0x16B550        LZMA compressed data, properties: 0x5A, dictionary size: 8388608 bytes, uncompressed size: 7435 bytes
1490500       0x16BE44        LZMA compressed data, properties: 0x5A, dictionary size: 8388608 bytes, uncompressed size: 3525 bytes
1491744       0x16C320        LZMA compressed data, properties: 0x5A, dictionary size: 8388608 bytes, uncompressed size: 6251 bytes
1493745       0x16CAF1        LZMA compressed data, properties: 0x66, dictionary size: 5898240 bytes, uncompressed size: 85832269824 bytes
1493748       0x16CAF4        LZMA compressed data, properties: 0x5A, dictionary size: 8388608 bytes, uncompressed size: 5116 bytes
1495276       0x16D0EC        LZMA compressed data, properties: 0x5A, dictionary size: 8388608 bytes, uncompressed size: 3696 bytes
1496536       0x16D5D8        LZMA compressed data, properties: 0x5A, dictionary size: 8388608 bytes, uncompressed size: 5109 bytes
1498228       0x16DC74        LZMA compressed data, properties: 0x5A, dictionary size: 8388608 bytes, uncompressed size: 6484 bytes
1500100       0x16E3C4        LZMA compressed data, properties: 0x5A, dictionary size: 8388608 bytes, uncompressed size: 4392 bytes
1501656       0x16E9D8        LZMA compressed data, properties: 0x5A, dictionary size: 8388608 bytes, uncompressed size: 3122 bytes
1502896       0x16EEB0        LZMA compressed data, properties: 0x5A, dictionary size: 8388608 bytes, uncompressed size: 4958 bytes
1504564       0x16F534        LZMA compressed data, properties: 0x5A, dictionary size: 8388608 bytes, uncompressed size: 2076 bytes
1505564       0x16F91C        LZMA compressed data, properties: 0x5A, dictionary size: 8388608 bytes, uncompressed size: 2603 bytes
1506644       0x16FD54        LZMA compressed data, properties: 0x5A, dictionary size: 8388608 bytes, uncompressed size: 3897 bytes
1507992       0x170298        LZMA compressed data, properties: 0x5A, dictionary size: 8388608 bytes, uncompressed size: 9825 bytes
1510224       0x170B50        LZMA compressed data, properties: 0x5A, dictionary size: 8388608 bytes, uncompressed size: 7769 bytes
1512628       0x1714B4        LZMA compressed data, properties: 0x5A, dictionary size: 8388608 bytes, uncompressed size: 5430 bytes
1514656       0x171CA0        LZMA compressed data, properties: 0x5A, dictionary size: 8388608 bytes, uncompressed size: 7301 bytes
1516212       0x1722B4        LZMA compressed data, properties: 0x5A, dictionary size: 8388608 bytes, uncompressed size: 6710 bytes
1518036       0x1729D4        LZMA compressed data, properties: 0x5A, dictionary size: 8388608 bytes, uncompressed size: 6774 bytes
1519968       0x173160        LZMA compressed data, properties: 0x5A, dictionary size: 8388608 bytes, uncompressed size: 20774 bytes
1524148       0x1741B4        LZMA compressed data, properties: 0x5A, dictionary size: 8388608 bytes, uncompressed size: 13826 bytes
1527664       0x174F70        LZMA compressed data, properties: 0x5A, dictionary size: 8388608 bytes, uncompressed size: 19578 bytes
1530984       0x175C68        LZMA compressed data, properties: 0x5A, dictionary size: 8388608 bytes, uncompressed size: 4840 bytes
1532820       0x176394        LZMA compressed data, properties: 0x5A, dictionary size: 8388608 bytes, uncompressed size: 1739 bytes
1533612       0x1766AC        LZMA compressed data, properties: 0x5A, dictionary size: 8388608 bytes, uncompressed size: 3366 bytes
1534912       0x176BC0        LZMA compressed data, properties: 0x5A, dictionary size: 8388608 bytes, uncompressed size: 6403 bytes
1537000       0x1773E8        LZMA compressed data, properties: 0x5A, dictionary size: 8388608 bytes, uncompressed size: 5248 bytes
1538716       0x177A9C        LZMA compressed data, properties: 0x5A, dictionary size: 8388608 bytes, uncompressed size: 3623 bytes
1539900       0x177F3C        LZMA compressed data, properties: 0x5A, dictionary size: 8388608 bytes, uncompressed size: 4853 bytes
1541460       0x178554        LZMA compressed data, properties: 0x5A, dictionary size: 8388608 bytes, uncompressed size: 19071 bytes
1545556       0x179554        LZMA compressed data, properties: 0x5A, dictionary size: 8388608 bytes, uncompressed size: 1720 bytes
1546292       0x179834        LZMA compressed data, properties: 0x5A, dictionary size: 8388608 bytes, uncompressed size: 2876 bytes
1547264       0x179C00        LZMA compressed data, properties: 0x5A, dictionary size: 8388608 bytes, uncompressed size: 8000 bytes
1549648       0x17A550        LZMA compressed data, properties: 0x5A, dictionary size: 8388608 bytes, uncompressed size: 3882 bytes
1550948       0x17AA64        LZMA compressed data, properties: 0x5A, dictionary size: 8388608 bytes, uncompressed size: 5762 bytes
1552884       0x17B1F4        LZMA compressed data, properties: 0x5A, dictionary size: 8388608 bytes, uncompressed size: 5191 bytes
1554588       0x17B89C        LZMA compressed data, properties: 0x5A, dictionary size: 8388608 bytes, uncompressed size: 7029 bytes
1556820       0x17C154        LZMA compressed data, properties: 0x5A, dictionary size: 8388608 bytes, uncompressed size: 11867 bytes
1560172       0x17CE6C        LZMA compressed data, properties: 0x5A, dictionary size: 8388608 bytes, uncompressed size: 6724 bytes
1562272       0x17D6A0        LZMA compressed data, properties: 0x5A, dictionary size: 8388608 bytes, uncompressed size: 5427 bytes
1563748       0x17DC64        LZMA compressed data, properties: 0x5A, dictionary size: 8388608 bytes, uncompressed size: 7363 bytes
1565952       0x17E500        LZMA compressed data, properties: 0x5A, dictionary size: 8388608 bytes, uncompressed size: 9176 bytes
1568640       0x17EF80        LZMA compressed data, properties: 0x5A, dictionary size: 8388608 bytes, uncompressed size: 5961 bytes
1570468       0x17F6A4        LZMA compressed data, properties: 0x5A, dictionary size: 8388608 bytes, uncompressed size: 8091 bytes
1572716       0x17FF6C        LZMA compressed data, properties: 0x5A, dictionary size: 8388608 bytes, uncompressed size: 3715 bytes
1574020       0x180484        LZMA compressed data, properties: 0x5A, dictionary size: 8388608 bytes, uncompressed size: 7308 bytes
1576261       0x180D45        LZMA compressed data, properties: 0x64, dictionary size: 5898240 bytes, uncompressed size: 400639950848 bytes
1576264       0x180D48        LZMA compressed data, properties: 0x5A, dictionary size: 8388608 bytes, uncompressed size: 23880 bytes
1582348       0x18250C        LZMA compressed data, properties: 0x5A, dictionary size: 8388608 bytes, uncompressed size: 1018 bytes
1583005       0x18279D        LZMA compressed data, properties: 0x91, dictionary size: 5898240 bytes, uncompressed size: 461138591744 bytes
1583008       0x1827A0        LZMA compressed data, properties: 0x5A, dictionary size: 8388608 bytes, uncompressed size: 27486 bytes
1588456       0x183CE8        LZMA compressed data, properties: 0x5A, dictionary size: 8388608 bytes, uncompressed size: 3835 bytes
1589836       0x18424C        LZMA compressed data, properties: 0x5A, dictionary size: 8388608 bytes, uncompressed size: 4522 bytes
1591457       0x1848A1        LZMA compressed data, properties: 0x64, dictionary size: 5898240 bytes, uncompressed size: 74910302208 bytes
1591460       0x1848A4        LZMA compressed data, properties: 0x5A, dictionary size: 8388608 bytes, uncompressed size: 4465 bytes
1593064       0x184EE8        LZMA compressed data, properties: 0x5A, dictionary size: 8388608 bytes, uncompressed size: 5932 bytes
1594776       0x185598        LZMA compressed data, properties: 0x5A, dictionary size: 8388608 bytes, uncompressed size: 6417 bytes
1596728       0x185D38        LZMA compressed data, properties: 0x5A, dictionary size: 8388608 bytes, uncompressed size: 8367 bytes
1598757       0x186525        LZMA compressed data, properties: 0x5D, dictionary size: 5898240 bytes, uncompressed size: 211812384768 bytes
1598760       0x186528        LZMA compressed data, properties: 0x5A, dictionary size: 8388608 bytes, uncompressed size: 12625 bytes
1601428       0x186F94        LZMA compressed data, properties: 0x5A, dictionary size: 8388608 bytes, uncompressed size: 3306 bytes
1602796       0x1874EC        LZMA compressed data, properties: 0x5A, dictionary size: 8388608 bytes, uncompressed size: 3012 bytes
1603944       0x187968        LZMA compressed data, properties: 0x5A, dictionary size: 8388608 bytes, uncompressed size: 2456 bytes
1604952       0x187D58        LZMA compressed data, properties: 0x5A, dictionary size: 8388608 bytes, uncompressed size: 3894 bytes
1606136       0x1881F8        LZMA compressed data, properties: 0x5A, dictionary size: 8388608 bytes, uncompressed size: 1659 bytes
1606872       0x1884D8        LZMA compressed data, properties: 0x5A, dictionary size: 8388608 bytes, uncompressed size: 2077 bytes
1607760       0x188850        LZMA compressed data, properties: 0x5A, dictionary size: 8388608 bytes, uncompressed size: 2645 bytes
1608816       0x188C70        LZMA compressed data, properties: 0x5A, dictionary size: 8388608 bytes, uncompressed size: 16788 bytes

